Archive member included to satisfy reference by file (symbol)

../libopencm3/lib/libopencm3_stm32f4.a(vector.o)
                              (reset_handler)

Discarded input sections

 .group         0x0000000000000000        0xc bin/src/bootloader.o
 .group         0x0000000000000000        0xc bin/src/bootloader.o
 .group         0x0000000000000000        0xc bin/src/bootloader.o
 .group         0x0000000000000000        0xc bin/src/bootloader.o
 .group         0x0000000000000000        0xc bin/src/bootloader.o
 .group         0x0000000000000000        0xc bin/src/bootloader.o
 .group         0x0000000000000000        0xc bin/src/bootloader.o
 .group         0x0000000000000000        0xc bin/src/bootloader.o
 .group         0x0000000000000000        0xc bin/src/bootloader.o
 .group         0x0000000000000000        0xc bin/src/bootloader.o
 .group         0x0000000000000000        0xc bin/src/bootloader.o
 .group         0x0000000000000000        0xc bin/src/bootloader.o
 .group         0x0000000000000000        0xc bin/src/bootloader.o
 .group         0x0000000000000000        0xc bin/src/bootloader.o
 .text          0x0000000000000000        0x0 bin/src/bootloader.o
 .data          0x0000000000000000        0x0 bin/src/bootloader.o
 .bss           0x0000000000000000        0x0 bin/src/bootloader.o
 .group         0x0000000000000000        0xc ../libopencm3/lib/libopencm3_stm32f4.a(vector.o)
 .group         0x0000000000000000        0xc ../libopencm3/lib/libopencm3_stm32f4.a(vector.o)
 .group         0x0000000000000000        0xc ../libopencm3/lib/libopencm3_stm32f4.a(vector.o)
 .group         0x0000000000000000        0xc ../libopencm3/lib/libopencm3_stm32f4.a(vector.o)
 .group         0x0000000000000000        0xc ../libopencm3/lib/libopencm3_stm32f4.a(vector.o)
 .group         0x0000000000000000        0xc ../libopencm3/lib/libopencm3_stm32f4.a(vector.o)
 .group         0x0000000000000000        0xc ../libopencm3/lib/libopencm3_stm32f4.a(vector.o)
 .group         0x0000000000000000        0xc ../libopencm3/lib/libopencm3_stm32f4.a(vector.o)
 .group         0x0000000000000000        0xc ../libopencm3/lib/libopencm3_stm32f4.a(vector.o)
 .group         0x0000000000000000        0xc ../libopencm3/lib/libopencm3_stm32f4.a(vector.o)
 .group         0x0000000000000000        0xc ../libopencm3/lib/libopencm3_stm32f4.a(vector.o)
 .group         0x0000000000000000        0xc ../libopencm3/lib/libopencm3_stm32f4.a(vector.o)
 .group         0x0000000000000000        0xc ../libopencm3/lib/libopencm3_stm32f4.a(vector.o)
 .group         0x0000000000000000        0xc ../libopencm3/lib/libopencm3_stm32f4.a(vector.o)
 .text          0x0000000000000000        0x0 ../libopencm3/lib/libopencm3_stm32f4.a(vector.o)
 .data          0x0000000000000000        0x0 ../libopencm3/lib/libopencm3_stm32f4.a(vector.o)
 .bss           0x0000000000000000        0x0 ../libopencm3/lib/libopencm3_stm32f4.a(vector.o)
 .debug_macro   0x0000000000000000       0x76 ../libopencm3/lib/libopencm3_stm32f4.a(vector.o)
 .debug_macro   0x0000000000000000       0x1c ../libopencm3/lib/libopencm3_stm32f4.a(vector.o)
 .debug_macro   0x0000000000000000       0x22 ../libopencm3/lib/libopencm3_stm32f4.a(vector.o)
 .debug_macro   0x0000000000000000       0x56 ../libopencm3/lib/libopencm3_stm32f4.a(vector.o)
 .debug_macro   0x0000000000000000       0x51 ../libopencm3/lib/libopencm3_stm32f4.a(vector.o)
 .debug_macro   0x0000000000000000      0x103 ../libopencm3/lib/libopencm3_stm32f4.a(vector.o)
 .debug_macro   0x0000000000000000       0x6a ../libopencm3/lib/libopencm3_stm32f4.a(vector.o)
 .debug_macro   0x0000000000000000      0x1df ../libopencm3/lib/libopencm3_stm32f4.a(vector.o)
 .debug_macro   0x0000000000000000       0x22 ../libopencm3/lib/libopencm3_stm32f4.a(vector.o)
 .debug_macro   0x0000000000000000       0xe8 ../libopencm3/lib/libopencm3_stm32f4.a(vector.o)
 .debug_macro   0x0000000000000000      0x22c ../libopencm3/lib/libopencm3_stm32f4.a(vector.o)

Memory Configuration

Name             Origin             Length             Attributes
ram              0x0000000020000000 0x0000000000020000 xrw
rom              0x0000000008000000 0x0000000000008000 xr
*default*        0x0000000000000000 0xffffffffffffffff

Linker script and memory map

LOAD bin/src/bootloader.o
LOAD ../libopencm3/lib/libopencm3_stm32f4.a
START GROUP
LOAD /opt/gcc-arm-none-eabi/bin/../lib/gcc/arm-none-eabi/10.3.1/../../../../arm-none-eabi/lib/thumb/v7e-m+fp/hard/libc_nano.a
LOAD /opt/gcc-arm-none-eabi/bin/../lib/gcc/arm-none-eabi/10.3.1/thumb/v7e-m+fp/hard/libgcc.a
LOAD /opt/gcc-arm-none-eabi/bin/../lib/gcc/arm-none-eabi/10.3.1/../../../../arm-none-eabi/lib/thumb/v7e-m+fp/hard/libnosys.a
END GROUP
START GROUP
LOAD /opt/gcc-arm-none-eabi/bin/../lib/gcc/arm-none-eabi/10.3.1/thumb/v7e-m+fp/hard/libgcc.a
LOAD /opt/gcc-arm-none-eabi/bin/../lib/gcc/arm-none-eabi/10.3.1/../../../../arm-none-eabi/lib/thumb/v7e-m+fp/hard/libc_nano.a
END GROUP
START GROUP
LOAD /opt/gcc-arm-none-eabi/bin/../lib/gcc/arm-none-eabi/10.3.1/thumb/v7e-m+fp/hard/libgcc.a
LOAD /opt/gcc-arm-none-eabi/bin/../lib/gcc/arm-none-eabi/10.3.1/../../../../arm-none-eabi/lib/thumb/v7e-m+fp/hard/libc_nano.a
END GROUP

.text           0x0000000008000000      0x260
 *(.vectors)
 .vectors       0x0000000008000000      0x1ac ../libopencm3/lib/libopencm3_stm32f4.a(vector.o)
                0x0000000008000000                vector_table
 *(.text*)
 .text.startup.main
                0x00000000080001ac       0x10 bin/src/bootloader.o
                0x00000000080001ac                main
 .text.blocking_handler
                0x00000000080001bc        0x2 ../libopencm3/lib/libopencm3_stm32f4.a(vector.o)
                0x00000000080001bc                dma2_stream1_isr
                0x00000000080001bc                tim8_brk_tim12_isr
                0x00000000080001bc                dma1_stream7_isr
                0x00000000080001bc                usart3_isr
                0x00000000080001bc                tim7_isr
                0x00000000080001bc                dma2d_isr
                0x00000000080001bc                uart8_isr
                0x00000000080001bc                dma1_stream2_isr
                0x00000000080001bc                otg_hs_isr
                0x00000000080001bc                blocking_handler
                0x00000000080001bc                tim5_isr
                0x00000000080001bc                rtc_wkup_isr
                0x00000000080001bc                otg_fs_isr
                0x00000000080001bc                spi1_isr
                0x00000000080001bc                i2c3_er_isr
                0x00000000080001bc                exti2_isr
                0x00000000080001bc                spi5_isr
                0x00000000080001bc                usb_fs_wkup_isr
                0x00000000080001bc                tamp_stamp_isr
                0x00000000080001bc                can1_rx1_isr
                0x00000000080001bc                dma2_stream0_isr
                0x00000000080001bc                usart1_isr
                0x00000000080001bc                i2c3_ev_isr
                0x00000000080001bc                usage_fault_handler
                0x00000000080001bc                can2_rx0_isr
                0x00000000080001bc                dma1_stream6_isr
                0x00000000080001bc                can2_rx1_isr
                0x00000000080001bc                can1_sce_isr
                0x00000000080001bc                tim1_cc_isr
                0x00000000080001bc                can1_tx_isr
                0x00000000080001bc                tim1_up_tim10_isr
                0x00000000080001bc                sdio_isr
                0x00000000080001bc                eth_isr
                0x00000000080001bc                spi6_isr
                0x00000000080001bc                dma2_stream5_isr
                0x00000000080001bc                pvd_isr
                0x00000000080001bc                can1_rx0_isr
                0x00000000080001bc                rcc_isr
                0x00000000080001bc                dma2_stream3_isr
                0x00000000080001bc                flash_isr
                0x00000000080001bc                uart4_isr
                0x00000000080001bc                lcd_tft_isr
                0x00000000080001bc                rtc_alarm_isr
                0x00000000080001bc                exti15_10_isr
                0x00000000080001bc                hash_rng_isr
                0x00000000080001bc                tim1_trg_com_tim11_isr
                0x00000000080001bc                hard_fault_handler
                0x00000000080001bc                exti1_isr
                0x00000000080001bc                i2c1_ev_isr
                0x00000000080001bc                usart6_isr
                0x00000000080001bc                spi2_isr
                0x00000000080001bc                cryp_isr
                0x00000000080001bc                nvic_wwdg_isr
                0x00000000080001bc                dma1_stream1_isr
                0x00000000080001bc                dma2_stream4_isr
                0x00000000080001bc                exti3_isr
                0x00000000080001bc                tim3_isr
                0x00000000080001bc                usart2_isr
                0x00000000080001bc                sai1_isr
                0x00000000080001bc                fpu_isr
                0x00000000080001bc                dma1_stream4_isr
                0x00000000080001bc                i2c2_er_isr
                0x00000000080001bc                i2c2_ev_isr
                0x00000000080001bc                uart5_isr
                0x00000000080001bc                dma2_stream6_isr
                0x00000000080001bc                spi4_isr
                0x00000000080001bc                adc_isr
                0x00000000080001bc                dma2_stream7_isr
                0x00000000080001bc                tim8_up_tim13_isr
                0x00000000080001bc                fsmc_isr
                0x00000000080001bc                exti4_isr
                0x00000000080001bc                tim6_dac_isr
                0x00000000080001bc                dma1_stream3_isr
                0x00000000080001bc                tim8_trg_com_tim14_isr
                0x00000000080001bc                mem_manage_handler
                0x00000000080001bc                lcd_tft_err_isr
                0x00000000080001bc                can2_tx_isr
                0x00000000080001bc                exti9_5_isr
                0x00000000080001bc                tim1_brk_tim9_isr
                0x00000000080001bc                uart7_isr
                0x00000000080001bc                can2_sce_isr
                0x00000000080001bc                tim4_isr
                0x00000000080001bc                otg_hs_wkup_isr
                0x00000000080001bc                i2c1_er_isr
                0x00000000080001bc                dma1_stream0_isr
                0x00000000080001bc                tim8_cc_isr
                0x00000000080001bc                dcmi_isr
                0x00000000080001bc                dma2_stream2_isr
                0x00000000080001bc                eth_wkup_isr
                0x00000000080001bc                bus_fault_handler
                0x00000000080001bc                otg_hs_ep1_out_isr
                0x00000000080001bc                spi3_isr
                0x00000000080001bc                dma1_stream5_isr
                0x00000000080001bc                otg_hs_ep1_in_isr
                0x00000000080001bc                tim2_isr
                0x00000000080001bc                exti0_isr
 .text.null_handler
                0x00000000080001be        0x2 ../libopencm3/lib/libopencm3_stm32f4.a(vector.o)
                0x00000000080001be                null_handler
                0x00000000080001be                sv_call_handler
                0x00000000080001be                pend_sv_handler
                0x00000000080001be                debug_monitor_handler
                0x00000000080001be                sys_tick_handler
                0x00000000080001be                nmi_handler
 .text.reset_handler
                0x00000000080001c0       0xa0 ../libopencm3/lib/libopencm3_stm32f4.a(vector.o)
                0x00000000080001c0                reset_handler
                0x0000000008000260                . = ALIGN (0x4)
 *(.rodata*)
                0x0000000008000260                . = ALIGN (0x4)

.glue_7         0x0000000008000260        0x0
 .glue_7        0x0000000008000260        0x0 linker stubs

.glue_7t        0x0000000008000260        0x0
 .glue_7t       0x0000000008000260        0x0 linker stubs

.vfp11_veneer   0x0000000008000260        0x0
 .vfp11_veneer  0x0000000008000260        0x0 linker stubs

.v4_bx          0x0000000008000260        0x0
 .v4_bx         0x0000000008000260        0x0 linker stubs

.iplt           0x0000000008000260        0x0
 .iplt          0x0000000008000260        0x0 ../libopencm3/lib/libopencm3_stm32f4.a(vector.o)

.rel.dyn        0x0000000008000260        0x0
 .rel.iplt      0x0000000008000260        0x0 ../libopencm3/lib/libopencm3_stm32f4.a(vector.o)

.preinit_array  0x0000000008000260        0x0
                0x0000000008000260                . = ALIGN (0x4)
                0x0000000008000260                __preinit_array_start = .
 *(.preinit_array)
                0x0000000008000260                __preinit_array_end = .

.init_array     0x0000000008000260        0x0
                0x0000000008000260                . = ALIGN (0x4)
                0x0000000008000260                __init_array_start = .
 *(SORT_BY_NAME(.init_array.*))
 *(.init_array)
                0x0000000008000260                __init_array_end = .

.fini_array     0x0000000008000260        0x0
                0x0000000008000260                . = ALIGN (0x4)
                0x0000000008000260                __fini_array_start = .
 *(.fini_array)
 *(SORT_BY_NAME(.fini_array.*))
                0x0000000008000260                __fini_array_end = .

.ARM.extab
 *(.ARM.extab*)

.ARM.exidx      0x0000000008000260        0x0
                0x0000000008000260                __exidx_start = .
 *(.ARM.exidx*)
                0x0000000008000260                __exidx_end = .
                0x0000000008000260                . = ALIGN (0x4)
                0x0000000008000260                _etext = .

.noinit
 *(.noinit*)
                0x0000000008000260                . = ALIGN (0x4)

.data           0x0000000020000000        0x0 load address 0x0000000008000260
                0x0000000020000000                _data = .
 *(.data*)
 *(.ramtext*)
                0x0000000020000000                . = ALIGN (0x4)
                0x0000000020000000                _edata = .
                0x0000000008000260                _data_loadaddr = LOADADDR (.data)

.igot.plt       0x0000000020000000        0x0 load address 0x0000000008000260
 .igot.plt      0x0000000020000000        0x0 ../libopencm3/lib/libopencm3_stm32f4.a(vector.o)

.bss            0x0000000020000000        0x0 load address 0x0000000008000260
 *(.bss*)
 *(COMMON)
                0x0000000020000000                . = ALIGN (0x4)
                0x0000000020000000                _ebss = .

/DISCARD/
 *(.eh_frame)
                0x0000000020000000                . = ALIGN (0x4)
                0x0000000020000000                end = .
                0x0000000020020000                PROVIDE (_stack = (ORIGIN (ram) + LENGTH (ram)))
OUTPUT(bootloader.elf elf32-littlearm)
LOAD linker stubs

.debug_info     0x0000000000000000      0x4c4
 .debug_info    0x0000000000000000      0x1d2 bin/src/bootloader.o
 .debug_info    0x00000000000001d2      0x2f2 ../libopencm3/lib/libopencm3_stm32f4.a(vector.o)

.debug_abbrev   0x0000000000000000      0x24e
 .debug_abbrev  0x0000000000000000       0xf3 bin/src/bootloader.o
 .debug_abbrev  0x00000000000000f3      0x15b ../libopencm3/lib/libopencm3_stm32f4.a(vector.o)

.debug_aranges  0x0000000000000000       0x50
 .debug_aranges
                0x0000000000000000       0x20 bin/src/bootloader.o
 .debug_aranges
                0x0000000000000020       0x30 ../libopencm3/lib/libopencm3_stm32f4.a(vector.o)

.debug_ranges   0x0000000000000000       0x48
 .debug_ranges  0x0000000000000000       0x28 bin/src/bootloader.o
 .debug_ranges  0x0000000000000028       0x20 ../libopencm3/lib/libopencm3_stm32f4.a(vector.o)

.debug_macro    0x0000000000000000     0x260f
 .debug_macro   0x0000000000000000       0xd3 bin/src/bootloader.o
 .debug_macro   0x00000000000000d3      0xa72 bin/src/bootloader.o
 .debug_macro   0x0000000000000b45       0x1c bin/src/bootloader.o
 .debug_macro   0x0000000000000b61       0x22 bin/src/bootloader.o
 .debug_macro   0x0000000000000b83       0x56 bin/src/bootloader.o
 .debug_macro   0x0000000000000bd9       0x51 bin/src/bootloader.o
 .debug_macro   0x0000000000000c2a      0x103 bin/src/bootloader.o
 .debug_macro   0x0000000000000d2d       0x6a bin/src/bootloader.o
 .debug_macro   0x0000000000000d97      0x1df bin/src/bootloader.o
 .debug_macro   0x0000000000000f76       0x22 bin/src/bootloader.o
 .debug_macro   0x0000000000000f98       0xe8 bin/src/bootloader.o
 .debug_macro   0x0000000000001080       0x76 bin/src/bootloader.o
 .debug_macro   0x00000000000010f6       0x68 bin/src/bootloader.o
 .debug_macro   0x000000000000115e      0x22c bin/src/bootloader.o
 .debug_macro   0x000000000000138a      0x286 bin/src/bootloader.o
 .debug_macro   0x0000000000001610       0xd3 ../libopencm3/lib/libopencm3_stm32f4.a(vector.o)
 .debug_macro   0x00000000000016e3      0xa6c ../libopencm3/lib/libopencm3_stm32f4.a(vector.o)
 .debug_macro   0x000000000000214f      0x452 ../libopencm3/lib/libopencm3_stm32f4.a(vector.o)
 .debug_macro   0x00000000000025a1       0x6e ../libopencm3/lib/libopencm3_stm32f4.a(vector.o)

.debug_line     0x0000000000000000      0x6ca
 .debug_line    0x0000000000000000      0x2a6 bin/src/bootloader.o
 .debug_line    0x00000000000002a6      0x424 ../libopencm3/lib/libopencm3_stm32f4.a(vector.o)

.debug_str      0x0000000000000000     0x7d7c
 .debug_str     0x0000000000000000     0x5af7 bin/src/bootloader.o
                                       0x5c57 (size before relaxing)
 .debug_str     0x0000000000005af7     0x2285 ../libopencm3/lib/libopencm3_stm32f4.a(vector.o)
                                       0x6e25 (size before relaxing)

.comment        0x0000000000000000       0x49
 .comment       0x0000000000000000       0x49 bin/src/bootloader.o
                                         0x4a (size before relaxing)
 .comment       0x0000000000000049       0x4a ../libopencm3/lib/libopencm3_stm32f4.a(vector.o)

.ARM.attributes
                0x0000000000000000       0x34
 .ARM.attributes
                0x0000000000000000       0x34 bin/src/bootloader.o
 .ARM.attributes
                0x0000000000000034       0x34 ../libopencm3/lib/libopencm3_stm32f4.a(vector.o)

.debug_frame    0x0000000000000000       0x74
 .debug_frame   0x0000000000000000       0x28 bin/src/bootloader.o
 .debug_frame   0x0000000000000028       0x4c ../libopencm3/lib/libopencm3_stm32f4.a(vector.o)

.debug_loc      0x0000000000000000      0x128
 .debug_loc     0x0000000000000000      0x128 ../libopencm3/lib/libopencm3_stm32f4.a(vector.o)
